
 MongoDB connected !! DB HOST: ac-wk5hlsy-shard-00-02.l2nsvi1.mongodb.net

--- Testing Direct Register User ---
Γ¥î Register Failed: Did not receive 201 or tokens.

--- Testing Direct Login User ---
Γ¥î Login Failed: Did not receive 200 or tokens.
Status: 0

--- Cleanup ---
Test finished.
